2014-07-14 15:46:17 DEBUG SpringJUnit4ClassRunner:106 - SpringJUnit4ClassRunner constructor called with [class com.yummynoodlebar.config.PersistenceDomainIntegrationTest].
2014-07-14 15:46:17 DEBUG AbstractDelegatingSmartContextLoader:89 - Delegating to AnnotationConfigContextLoader to process context configuration [ContextConfigurationAttributes@19ab2da declaringClass = 'com.yummynoodlebar.config.PersistenceDomainIntegrationTest', locations = '{}', classes = '{class com.yummynoodlebar.config.PersistenceConfig}', inheritLocations = true, initializers = '{}', inheritInitializers = true, name = [null], contextLoaderClass = 'org.springframework.test.context.ContextLoader'].
2014-07-14 15:46:17 DEBUG ContextLoaderUtils:471 - Could not find an 'annotation declaring class' for annotation type [org.springframework.test.context.ActiveProfiles] and class [com.yummynoodlebar.config.PersistenceDomainIntegrationTest]
2014-07-14 15:46:17 DEBUG TestContextManager:184 - @TestExecutionListeners is not present for class [class com.yummynoodlebar.config.PersistenceDomainIntegrationTest]: using defaults.
2014-07-14 15:46:17 DEBUG TestContextManager:226 - Could not instantiate default TestExecutionListener class [org.springframework.test.context.transaction.TransactionalTestExecutionListener]. Specify custom listener classes or make the default listener classes available.
2014-07-14 15:46:17 DEBUG ProfileValueUtils:68 - Retrieved @ProfileValueSourceConfiguration [null] for test class [com.yummynoodlebar.config.PersistenceDomainIntegrationTest]
2014-07-14 15:46:17 DEBUG ProfileValueUtils:80 - Retrieved ProfileValueSource type [class org.springframework.test.annotation.SystemProfileValueSource] for class [com.yummynoodlebar.config.PersistenceDomainIntegrationTest]
2014-07-14 15:46:17 DEBUG ProfileValueUtils:68 - Retrieved @ProfileValueSourceConfiguration [null] for test class [com.yummynoodlebar.config.PersistenceDomainIntegrationTest]
2014-07-14 15:46:17 DEBUG ProfileValueUtils:80 - Retrieved ProfileValueSource type [class org.springframework.test.annotation.SystemProfileValueSource] for class [com.yummynoodlebar.config.PersistenceDomainIntegrationTest]
2014-07-14 15:46:17 DEBUG ProfileValueUtils:68 - Retrieved @ProfileValueSourceConfiguration [null] for test class [com.yummynoodlebar.config.PersistenceDomainIntegrationTest]
2014-07-14 15:46:17 DEBUG ProfileValueUtils:80 - Retrieved ProfileValueSource type [class org.springframework.test.annotation.SystemProfileValueSource] for class [com.yummynoodlebar.config.PersistenceDomainIntegrationTest]
2014-07-14 15:46:17 DEBUG ProfileValueUtils:68 - Retrieved @ProfileValueSourceConfiguration [null] for test class [com.yummynoodlebar.config.PersistenceDomainIntegrationTest]
2014-07-14 15:46:17 DEBUG ProfileValueUtils:80 - Retrieved ProfileValueSource type [class org.springframework.test.annotation.SystemProfileValueSource] for class [com.yummynoodlebar.config.PersistenceDomainIntegrationTest]
2014-07-14 15:46:17 DEBUG AbstractDelegatingSmartContextLoader:98 - Delegating to AnnotationConfigContextLoader to load context from [MergedContextConfiguration@1890988 testClass = PersistenceDomainIntegrationTest, locations = '{}', classes = '{class com.yummynoodlebar.config.PersistenceConfig}', contextInitializerClasses = '[]', activeProfiles = '{}', contextLoader = 'org.springframework.test.context.support.DelegatingSmartContextLoader', parent = [null]].
2014-07-14 15:46:17 DEBUG AbstractGenericContextLoader:104 - Loading ApplicationContext for merged context configuration [[MergedContextConfiguration@1890988 testClass = PersistenceDomainIntegrationTest, locations = '{}', classes = '{class com.yummynoodlebar.config.PersistenceConfig}', contextInitializerClasses = '[]', activeProfiles = '{}', contextLoader = 'org.springframework.test.context.support.DelegatingSmartContextLoader', parent = [null]]].
2014-07-14 15:46:17 DEBUG StandardEnvironment:112 - Initializing new StandardEnvironment
2014-07-14 15:46:17 DEBUG StandardEnvironment:107 - Adding [systemProperties] PropertySource with lowest search precedence
2014-07-14 15:46:17 DEBUG StandardEnvironment:107 - Adding [systemEnvironment] PropertySource with lowest search precedence
2014-07-14 15:46:17 DEBUG StandardEnvironment:116 - Initialized StandardEnvironment with PropertySources [systemProperties,systemEnvironment]
2014-07-14 15:46:17 DEBUG AnnotationConfigContextLoader:171 - Registering annotated classes: {class com.yummynoodlebar.config.PersistenceConfig}
2014-07-14 15:46:17 INFO  GenericApplicationContext:510 - Refreshing org.springframework.context.support.GenericApplicationContext@d3ee56: startup date [Mon Jul 14 15:46:17 IST 2014]; root of context hierarchy
2014-07-14 15:46:17 DEBUG GenericApplicationContext:540 - Bean factory for org.springframework.context.support.GenericApplicationContext@d3ee56: org.springframework.beans.factory.support.DefaultListableBeanFactory@7a92e6: defining beans [org.springframework.context.annotation.internalConfigurationAnnotationProcessor,org.springframework.context.annotation.internalAutowiredAnnotationProcessor,org.springframework.context.annotation.internalRequiredAnnotationProcessor,org.springframework.context.annotation.internalCommonAnnotationProcessor,persistenceConfig]; root of factory hierarchy
2014-07-14 15:46:17 DEBUG DefaultListableBeanFactory:215 - Creating shared instance of singleton bean 'org.springframework.context.annotation.internalConfigurationAnnotationProcessor'
2014-07-14 15:46:17 DEBUG DefaultListableBeanFactory:432 - Creating instance of bean 'org.springframework.context.annotation.internalConfigurationAnnotationProcessor'
2014-07-14 15:46:17 DEBUG DefaultListableBeanFactory:506 - Eagerly caching bean 'org.springframework.context.annotation.internalConfigurationAnnotationProcessor' to allow for resolving potential circular references
2014-07-14 15:46:17 DEBUG DefaultListableBeanFactory:460 - Finished creating instance of bean 'org.springframework.context.annotation.internalConfigurationAnnotationProcessor'
2014-07-14 15:46:17 DEBUG ConfigurationClassBeanDefinitionReader:262 - Registering bean definition for @Bean method com.yummynoodlebar.config.PersistenceConfig.menuPersistenceService()
2014-07-14 15:46:17 DEBUG ConfigurationClassBeanDefinitionReader:262 - Registering bean definition for @Bean method com.yummynoodlebar.config.PersistenceConfig.menuItemRepository()
2014-07-14 15:46:17 DEBUG ConfigurationClassEnhancer:94 - Successfully enhanced com.yummynoodlebar.config.PersistenceConfig; enhanced class name is: com.yummynoodlebar.config.PersistenceConfig$$EnhancerByCGLIB$$591fd76e
2014-07-14 15:46:17 DEBUG ConfigurationClassPostProcessor:359 - Replacing bean definition 'persistenceConfig' existing class name 'com.yummynoodlebar.config.PersistenceConfig' with enhanced class name 'com.yummynoodlebar.config.PersistenceConfig$$EnhancerByCGLIB$$591fd76e'
2014-07-14 15:46:17 DEBUG DefaultListableBeanFactory:215 - Creating shared instance of singleton bean 'org.springframework.context.annotation.internalAutowiredAnnotationProcessor'
2014-07-14 15:46:17 DEBUG DefaultListableBeanFactory:432 - Creating instance of bean 'org.springframework.context.annotation.internalAutowiredAnnotationProcessor'
2014-07-14 15:46:17 DEBUG DefaultListableBeanFactory:506 - Eagerly caching bean 'org.springframework.context.annotation.internalAutowiredAnnotationProcessor' to allow for resolving potential circular references
2014-07-14 15:46:17 DEBUG DefaultListableBeanFactory:460 - Finished creating instance of bean 'org.springframework.context.annotation.internalAutowiredAnnotationProcessor'
2014-07-14 15:46:17 DEBUG DefaultListableBeanFactory:215 - Creating shared instance of singleton bean 'org.springframework.context.annotation.internalRequiredAnnotationProcessor'
2014-07-14 15:46:17 DEBUG DefaultListableBeanFactory:432 - Creating instance of bean 'org.springframework.context.annotation.internalRequiredAnnotationProcessor'
2014-07-14 15:46:17 DEBUG DefaultListableBeanFactory:506 - Eagerly caching bean 'org.springframework.context.annotation.internalRequiredAnnotationProcessor' to allow for resolving potential circular references
2014-07-14 15:46:17 DEBUG DefaultListableBeanFactory:460 - Finished creating instance of bean 'org.springframework.context.annotation.internalRequiredAnnotationProcessor'
2014-07-14 15:46:17 DEBUG DefaultListableBeanFactory:215 - Creating shared instance of singleton bean 'org.springframework.context.annotation.internalCommonAnnotationProcessor'
2014-07-14 15:46:17 DEBUG DefaultListableBeanFactory:432 - Creating instance of bean 'org.springframework.context.annotation.internalCommonAnnotationProcessor'
2014-07-14 15:46:17 DEBUG DefaultListableBeanFactory:506 - Eagerly caching bean 'org.springframework.context.annotation.internalCommonAnnotationProcessor' to allow for resolving potential circular references
2014-07-14 15:46:17 DEBUG DefaultListableBeanFactory:460 - Finished creating instance of bean 'org.springframework.context.annotation.internalCommonAnnotationProcessor'
2014-07-14 15:46:17 DEBUG DefaultListableBeanFactory:215 - Creating shared instance of singleton bean 'org.springframework.context.annotation.ConfigurationClassPostProcessor.importAwareProcessor'
2014-07-14 15:46:17 DEBUG DefaultListableBeanFactory:432 - Creating instance of bean 'org.springframework.context.annotation.ConfigurationClassPostProcessor.importAwareProcessor'
2014-07-14 15:46:17 DEBUG DefaultListableBeanFactory:506 - Eagerly caching bean 'org.springframework.context.annotation.ConfigurationClassPostProcessor.importAwareProcessor' to allow for resolving potential circular references
2014-07-14 15:46:17 DEBUG DefaultListableBeanFactory:460 - Finished creating instance of bean 'org.springframework.context.annotation.ConfigurationClassPostProcessor.importAwareProcessor'
2014-07-14 15:46:17 DEBUG GenericApplicationContext:807 - Unable to locate MessageSource with name 'messageSource': using default [org.springframework.context.support.DelegatingMessageSource@fa7cd3]
2014-07-14 15:46:17 DEBUG GenericApplicationContext:831 - Unable to locate ApplicationEventMulticaster with name 'applicationEventMulticaster': using default [org.springframework.context.event.SimpleApplicationEventMulticaster@1191295]
2014-07-14 15:46:17 INFO  DefaultListableBeanFactory:596 - Pre-instantiating singletons in org.springframework.beans.factory.support.DefaultListableBeanFactory@7a92e6: defining beans [org.springframework.context.annotation.internalConfigurationAnnotationProcessor,org.springframework.context.annotation.internalAutowiredAnnotationProcessor,org.springframework.context.annotation.internalRequiredAnnotationProcessor,org.springframework.context.annotation.internalCommonAnnotationProcessor,persistenceConfig,org.springframework.context.annotation.ConfigurationClassPostProcessor.importAwareProcessor,menuPersistenceService,menuItemRepository]; root of factory hierarchy
2014-07-14 15:46:17 DEBUG DefaultListableBeanFactory:246 - Returning cached instance of singleton bean 'org.springframework.context.annotation.internalConfigurationAnnotationProcessor'
2014-07-14 15:46:17 DEBUG DefaultListableBeanFactory:246 - Returning cached instance of singleton bean 'org.springframework.context.annotation.internalAutowiredAnnotationProcessor'
2014-07-14 15:46:17 DEBUG DefaultListableBeanFactory:246 - Returning cached instance of singleton bean 'org.springframework.context.annotation.internalRequiredAnnotationProcessor'
2014-07-14 15:46:17 DEBUG DefaultListableBeanFactory:246 - Returning cached instance of singleton bean 'org.springframework.context.annotation.internalCommonAnnotationProcessor'
2014-07-14 15:46:17 DEBUG DefaultListableBeanFactory:215 - Creating shared instance of singleton bean 'persistenceConfig'
2014-07-14 15:46:17 DEBUG DefaultListableBeanFactory:432 - Creating instance of bean 'persistenceConfig'
2014-07-14 15:46:17 DEBUG DefaultListableBeanFactory:506 - Eagerly caching bean 'persistenceConfig' to allow for resolving potential circular references
2014-07-14 15:46:17 DEBUG DefaultListableBeanFactory:460 - Finished creating instance of bean 'persistenceConfig'
2014-07-14 15:46:17 DEBUG DefaultListableBeanFactory:246 - Returning cached instance of singleton bean 'org.springframework.context.annotation.ConfigurationClassPostProcessor.importAwareProcessor'
2014-07-14 15:46:17 DEBUG DefaultListableBeanFactory:215 - Creating shared instance of singleton bean 'menuPersistenceService'
2014-07-14 15:46:17 DEBUG DefaultListableBeanFactory:432 - Creating instance of bean 'menuPersistenceService'
2014-07-14 15:46:17 DEBUG DefaultListableBeanFactory:246 - Returning cached instance of singleton bean 'persistenceConfig'
2014-07-14 15:46:17 DEBUG DefaultListableBeanFactory:215 - Creating shared instance of singleton bean 'menuItemRepository'
2014-07-14 15:46:17 DEBUG DefaultListableBeanFactory:432 - Creating instance of bean 'menuItemRepository'
2014-07-14 15:46:17 DEBUG DefaultListableBeanFactory:246 - Returning cached instance of singleton bean 'persistenceConfig'
2014-07-14 15:46:17 DEBUG DefaultListableBeanFactory:506 - Eagerly caching bean 'menuItemRepository' to allow for resolving potential circular references
2014-07-14 15:46:17 DEBUG DefaultListableBeanFactory:460 - Finished creating instance of bean 'menuItemRepository'
2014-07-14 15:46:17 DEBUG DefaultListableBeanFactory:739 - Autowiring by type from bean name 'menuPersistenceService' via factory method to bean named 'menuItemRepository'
2014-07-14 15:46:17 DEBUG DefaultListableBeanFactory:506 - Eagerly caching bean 'menuPersistenceService' to allow for resolving potential circular references
2014-07-14 15:46:17 DEBUG DefaultListableBeanFactory:460 - Finished creating instance of bean 'menuPersistenceService'
2014-07-14 15:46:17 DEBUG DefaultListableBeanFactory:246 - Returning cached instance of singleton bean 'menuItemRepository'
2014-07-14 15:46:17 DEBUG GenericApplicationContext:858 - Unable to locate LifecycleProcessor with name 'lifecycleProcessor': using default [org.springframework.context.support.DefaultLifecycleProcessor@716dec]
2014-07-14 15:46:17 DEBUG DefaultListableBeanFactory:246 - Returning cached instance of singleton bean 'lifecycleProcessor'
2014-07-14 15:46:17 DEBUG PropertySourcesPropertyResolver:72 - Searching for key 'spring.liveBeansView.mbeanDomain' in [systemProperties]
2014-07-14 15:46:17 DEBUG PropertySourcesPropertyResolver:72 - Searching for key 'spring.liveBeansView.mbeanDomain' in [systemEnvironment]
2014-07-14 15:46:17 DEBUG PropertySourcesPropertyResolver:94 - Could not find key 'spring.liveBeansView.mbeanDomain' in any property source. Returning [null]
2014-07-14 15:46:17 DEBUG CacheAwareContextLoaderDelegate:93 - Storing ApplicationContext in cache under key [[MergedContextConfiguration@1890988 testClass = PersistenceDomainIntegrationTest, locations = '{}', classes = '{class com.yummynoodlebar.config.PersistenceConfig}', contextInitializerClasses = '[]', activeProfiles = '{}', contextLoader = 'org.springframework.test.context.support.DelegatingSmartContextLoader', parent = [null]]].
2014-07-14 15:46:17 DEBUG DependencyInjectionTestExecutionListener:73 - Performing dependency injection for test context [[TestContext@187f025 testClass = PersistenceDomainIntegrationTest, testInstance = com.yummynoodlebar.config.PersistenceDomainIntegrationTest@1a72791, testMethod = [null], testException = [null], mergedContextConfiguration = [MergedContextConfiguration@1890988 testClass = PersistenceDomainIntegrationTest, locations = '{}', classes = '{class com.yummynoodlebar.config.PersistenceConfig}', contextInitializerClasses = '[]', activeProfiles = '{}', contextLoader = 'org.springframework.test.context.support.DelegatingSmartContextLoader', parent = [null]]]].
2014-07-14 15:46:17 DEBUG CacheAwareContextLoaderDelegate:104 - Retrieved ApplicationContext from cache with key [[MergedContextConfiguration@1890988 testClass = PersistenceDomainIntegrationTest, locations = '{}', classes = '{class com.yummynoodlebar.config.PersistenceConfig}', contextInitializerClasses = '[]', activeProfiles = '{}', contextLoader = 'org.springframework.test.context.support.DelegatingSmartContextLoader', parent = [null]]].
2014-07-14 15:46:17 DEBUG InjectionMetadata:85 - Processing injected method of bean 'com.yummynoodlebar.config.PersistenceDomainIntegrationTest': AutowiredFieldElement for com.yummynoodlebar.persistence.services.MenuPersistenceService com.yummynoodlebar.config.PersistenceDomainIntegrationTest.menuPersistenceService
2014-07-14 15:46:17 DEBUG DefaultListableBeanFactory:246 - Returning cached instance of singleton bean 'menuPersistenceService'
2014-07-14 15:46:17 DEBUG AutowiredAnnotationBeanPostProcessor:433 - Autowiring by type from bean name 'com.yummynoodlebar.config.PersistenceDomainIntegrationTest' to bean named 'menuPersistenceService'
2014-07-14 15:46:17 DEBUG CacheAwareContextLoaderDelegate:104 - Retrieved ApplicationContext from cache with key [[MergedContextConfiguration@1890988 testClass = PersistenceDomainIntegrationTest, locations = '{}', classes = '{class com.yummynoodlebar.config.PersistenceConfig}', contextInitializerClasses = '[]', activeProfiles = '{}', contextLoader = 'org.springframework.test.context.support.DelegatingSmartContextLoader', parent = [null]]].
2014-07-14 15:46:17 DEBUG DirtiesContextTestExecutionListener:107 - After test method: context [[TestContext@187f025 testClass = PersistenceDomainIntegrationTest, testInstance = com.yummynoodlebar.config.PersistenceDomainIntegrationTest@1a72791, testMethod = thatAllMenuItemsReturned@PersistenceDomainIntegrationTest, testException = [null], mergedContextConfiguration = [MergedContextConfiguration@1890988 testClass = PersistenceDomainIntegrationTest, locations = '{}', classes = '{class com.yummynoodlebar.config.PersistenceConfig}', contextInitializerClasses = '[]', activeProfiles = '{}', contextLoader = 'org.springframework.test.context.support.DelegatingSmartContextLoader', parent = [null]]]], class dirties context [false], class mode [null], method dirties context [false].
2014-07-14 15:46:17 DEBUG ServletTestExecutionListener:98 - Resetting RequestContextHolder for test context [TestContext@187f025 testClass = PersistenceDomainIntegrationTest, testInstance = com.yummynoodlebar.config.PersistenceDomainIntegrationTest@1a72791, testMethod = thatAllMenuItemsReturned@PersistenceDomainIntegrationTest, testException = [null], mergedContextConfiguration = [MergedContextConfiguration@1890988 testClass = PersistenceDomainIntegrationTest, locations = '{}', classes = '{class com.yummynoodlebar.config.PersistenceConfig}', contextInitializerClasses = '[]', activeProfiles = '{}', contextLoader = 'org.springframework.test.context.support.DelegatingSmartContextLoader', parent = [null]]].
2014-07-14 15:46:17 DEBUG DirtiesContextTestExecutionListener:138 - After test class: context [[TestContext@187f025 testClass = PersistenceDomainIntegrationTest, testInstance = [null], testMethod = [null], testException = [null], mergedContextConfiguration = [MergedContextConfiguration@1890988 testClass = PersistenceDomainIntegrationTest, locations = '{}', classes = '{class com.yummynoodlebar.config.PersistenceConfig}', contextInitializerClasses = '[]', activeProfiles = '{}', contextLoader = 'org.springframework.test.context.support.DelegatingSmartContextLoader', parent = [null]]]], dirtiesContext [false].
